// Jest Snapshot v1, https://goo.gl/fbAQLP

exports[`GiftExpertApp should render GiftExpertApp 1`] = `
<div>
  <h2>
     GifExpertAPP 
  </h2>
  <AddCategory
    setCategory={[Function]}
  />
  <hr />
  <GiftGrid
    category={
      Array [
        "dragon ball",
      ]
    }
    key="dragon ball"
  />
</div>
`;
